// Jest Snapshot v1, https://goo.gl/fbAQLP

exports[`ScorePage matches the snapshot 1`] = `
<div
  className="scorepage-container"
>
  <h1>
    Final Scores
  </h1>
  <div
    className="scores-container"
  >
    <h2>
       Good Job!
    </h2>
    <h3>
      1
      :   
      0
    </h3>
  </div>
</div>
`;
